Archive member included because of file (symbol)

/Users/James/pebble-dev/PebbleSDK-3.0-beta10/Pebble/aplite/lib/libpebble.a(tmpQA9vUTpebble.o)
                              src/main.c.22.o (accel_tap_service_subscribe)

Discarded input sections

 .text          0x0000000000000000        0x0 /Users/James/pebble-dev/PebbleSDK-3.0-beta10/arm-cs-tools/bin/../lib/gcc/arm-none-eabi/4.7.2/thumb2/crti.o
 .bss           0x0000000000000000        0x0 /Users/James/pebble-dev/PebbleSDK-3.0-beta10/arm-cs-tools/bin/../lib/gcc/arm-none-eabi/4.7.2/thumb2/crti.o
 .init          0x0000000000000000        0x4 /Users/James/pebble-dev/PebbleSDK-3.0-beta10/arm-cs-tools/bin/../lib/gcc/arm-none-eabi/4.7.2/thumb2/crti.o
 .fini          0x0000000000000000        0x4 /Users/James/pebble-dev/PebbleSDK-3.0-beta10/arm-cs-tools/bin/../lib/gcc/arm-none-eabi/4.7.2/thumb2/crti.o
 .text          0x0000000000000000       0xc8 /Users/James/pebble-dev/PebbleSDK-3.0-beta10/arm-cs-tools/bin/../lib/gcc/arm-none-eabi/4.7.2/thumb2/crtbegin.o
 .bss           0x0000000000000000       0x1c /Users/James/pebble-dev/PebbleSDK-3.0-beta10/arm-cs-tools/bin/../lib/gcc/arm-none-eabi/4.7.2/thumb2/crtbegin.o
 .init_array    0x0000000000000000        0x4 /Users/James/pebble-dev/PebbleSDK-3.0-beta10/arm-cs-tools/bin/../lib/gcc/arm-none-eabi/4.7.2/thumb2/crtbegin.o
 .fini_array    0x0000000000000000        0x4 /Users/James/pebble-dev/PebbleSDK-3.0-beta10/arm-cs-tools/bin/../lib/gcc/arm-none-eabi/4.7.2/thumb2/crtbegin.o
 .eh_frame      0x0000000000000000        0x0 /Users/James/pebble-dev/PebbleSDK-3.0-beta10/arm-cs-tools/bin/../lib/gcc/arm-none-eabi/4.7.2/thumb2/crtbegin.o
 .jcr           0x0000000000000000        0x0 /Users/James/pebble-dev/PebbleSDK-3.0-beta10/arm-cs-tools/bin/../lib/gcc/arm-none-eabi/4.7.2/thumb2/crtbegin.o
 .tm_clone_table
                0x0000000000000000        0x0 /Users/James/pebble-dev/PebbleSDK-3.0-beta10/arm-cs-tools/bin/../lib/gcc/arm-none-eabi/4.7.2/thumb2/crtbegin.o
 .text          0x0000000000000000        0x0 src/main.c.22.o
 .bss           0x0000000000000000        0x0 src/main.c.22.o
 .text          0x0000000000000000        0x0 aplite/appinfo.auto.c.22.o
 .bss           0x0000000000000000        0x0 aplite/appinfo.auto.c.22.o
 .bss           0x0000000000000000        0x0 /Users/James/pebble-dev/PebbleSDK-3.0-beta10/Pebble/aplite/lib/libpebble.a(tmpQA9vUTpebble.o)
 .text.accel_data_service_subscribe__deprecated
                0x0000000000000000        0xc /Users/James/pebble-dev/PebbleSDK-3.0-beta10/Pebble/aplite/lib/libpebble.a(tmpQA9vUTpebble.o)
 .text.accel_data_service_unsubscribe
                0x0000000000000000        0xc /Users/James/pebble-dev/PebbleSDK-3.0-beta10/Pebble/aplite/lib/libpebble.a(tmpQA9vUTpebble.o)
 .text.accel_service_peek
                0x0000000000000000        0xc /Users/James/pebble-dev/PebbleSDK-3.0-beta10/Pebble/aplite/lib/libpebble.a(tmpQA9vUTpebble.o)
 .text.accel_service_set_samples_per_update
                0x0000000000000000        0xc /Users/James/pebble-dev/PebbleSDK-3.0-beta10/Pebble/aplite/lib/libpebble.a(tmpQA9vUTpebble.o)
 .text.accel_service_set_sampling_rate
                0x0000000000000000        0xc /Users/James/pebble-dev/PebbleSDK-3.0-beta10/Pebble/aplite/lib/libpebble.a(tmpQA9vUTpebble.o)
 .text.action_bar_layer_add_to_window
                0x0000000000000000        0xc /Users/James/pebble-dev/PebbleSDK-3.0-beta10/Pebble/aplite/lib/libpebble.a(tmpQA9vUTpebble.o)
 .text.action_bar_layer_clear_icon
                0x0000000000000000        0xc /Users/James/pebble-dev/PebbleSDK-3.0-beta10/Pebble/aplite/lib/libpebble.a(tmpQA9vUTpebble.o)
 .text.action_bar_layer_create
                0x0000000000000000        0xc /Users/James/pebble-dev/PebbleSDK-3.0-beta10/Pebble/aplite/lib/libpebble.a(tmpQA9vUTpebble.o)
 .text.action_bar_layer_destroy
                0x0000000000000000        0xc /Users/James/pebble-dev/PebbleSDK-3.0-beta10/Pebble/aplite/lib/libpebble.a(tmpQA9vUTpebble.o)
 .text.action_bar_layer_get_layer
                0x0000000000000000        0xc /Users/James/pebble-dev/PebbleSDK-3.0-beta10/Pebble/aplite/lib/libpebble.a(tmpQA9vUTpebble.o)
 .text.action_bar_layer_remove_from_window
                0x0000000000000000        0xc /Users/James/pebble-dev/PebbleSDK-3.0-beta10/Pebble/aplite/lib/libpebble.a(tmpQA9vUTpebble.o)
 .text.action_bar_layer_set_background_color
                0x0000000000000000        0xc /Users/James/pebble-dev/PebbleSDK-3.0-beta10/Pebble/aplite/lib/libpebble.a(tmpQA9vUTpebble.o)
 .text.action_bar_layer_set_click_config_provider
                0x0000000000000000        0xc /Users/James/pebble-dev/PebbleSDK-3.0-beta10/Pebble/aplite/lib/libpebble.a(tmpQA9vUTpebble.o)
 .text.action_bar_layer_set_context
                0x0000000000000000        0xc /Users/James/pebble-dev/PebbleSDK-3.0-beta10/Pebble/aplite/lib/libpebble.a(tmpQA9vUTpebble.o)
 .text.action_bar_layer_set_icon
                0x0000000000000000        0xc /Users/James/pebble-dev/PebbleSDK-3.0-beta10/Pebble/aplite/lib/libpebble.a(tmpQA9vUTpebble.o)
 .text.animation_create
                0x0000000000000000        0xc /Users/James/pebble-dev/PebbleSDK-3.0-beta10/Pebble/aplite/lib/libpebble.a(tmpQA9vUTpebble.o)
 .text.animation_destroy
                0x0000000000000000        0xc /Users/James/pebble-dev/PebbleSDK-3.0-beta10/Pebble/aplite/lib/libpebble.a(tmpQA9vUTpebble.o)
 .text.animation_get_context
                0x0000000000000000        0xc /Users/James/pebble-dev/PebbleSDK-3.0-beta10/Pebble/aplite/lib/libpebble.a(tmpQA9vUTpebble.o)
 .text.animation_is_scheduled
                0x0000000000000000        0xc /Users/James/pebble-dev/PebbleSDK-3.0-beta10/Pebble/aplite/lib/libpebble.a(tmpQA9vUTpebble.o)
 .text.animation_schedule
                0x0000000000000000        0xc /Users/James/pebble-dev/PebbleSDK-3.0-beta10/Pebble/aplite/lib/libpebble.a(tmpQA9vUTpebble.o)
 .text.animation_set_curve
                0x0000000000000000        0xc /Users/James/pebble-dev/PebbleSDK-3.0-beta10/Pebble/aplite/lib/libpebble.a(tmpQA9vUTpebble.o)
 .text.animation_set_delay
                0x0000000000000000        0xc /Users/James/pebble-dev/PebbleSDK-3.0-beta10/Pebble/aplite/lib/libpebble.a(tmpQA9vUTpebble.o)
 .text.animation_set_duration
                0x0000000000000000        0xc /Users/James/pebble-dev/PebbleSDK-3.0-beta10/Pebble/aplite/lib/libpebble.a(tmpQA9vUTpebble.o)
 .text.animation_set_handlers
                0x0000000000000000        0xc /Users/James/pebble-dev/PebbleSDK-3.0-beta10/Pebble/aplite/lib/libpebble.a(tmpQA9vUTpebble.o)
 .text.animation_set_implementation
                0x0000000000000000        0xc /Users/James/pebble-dev/PebbleSDK-3.0-beta10/Pebble/aplite/lib/libpebble.a(tmpQA9vUTpebble.o)
 .text.animation_unschedule
                0x0000000000000000        0xc /Users/James/pebble-dev/PebbleSDK-3.0-beta10/Pebble/aplite/lib/libpebble.a(tmpQA9vUTpebble.o)
 .text.animation_unschedule_all
                0x0000000000000000        0xc /Users/James/pebble-dev/PebbleSDK-3.0-beta10/Pebble/aplite/lib/libpebble.a(tmpQA9vUTpebble.o)
 .text.app_comm_get_sniff_interval
                0x0000000000000000        0xc /Users/James/pebble-dev/PebbleSDK-3.0-beta10/Pebble/aplite/lib/libpebble.a(tmpQA9vUTpebble.o)
 .text.app_comm_set_sniff_interval
                0x0000000000000000        0xc /Users/James/pebble-dev/PebbleSDK-3.0-beta10/Pebble/aplite/lib/libpebble.a(tmpQA9vUTpebble.o)
 .text.app_log  0x0000000000000000        0xc /Users/James/pebble-dev/PebbleSDK-3.0-beta10/Pebble/aplite/lib/libpebble.a(tmpQA9vUTpebble.o)
 .text.app_message_deregister_callbacks
                0x0000000000000000        0xc /Users/James/pebble-dev/PebbleSDK-3.0-beta10/Pebble/aplite/lib/libpebble.a(tmpQA9vUTpebble.o)
 .text.app_message_open
                0x0000000000000000        0xc /Users/James/pebble-dev/PebbleSDK-3.0-beta10/Pebble/aplite/lib/libpebble.a(tmpQA9vUTpebble.o)
 .text.app_sync_deinit
                0x0000000000000000        0xc /Users/James/pebble-dev/PebbleSDK-3.0-beta10/Pebble/aplite/lib/libpebble.a(tmpQA9vUTpebble.o)
 .text.app_sync_get
                0x0000000000000000        0xc /Users/James/pebble-dev/PebbleSDK-3.0-beta10/Pebble/aplite/lib/libpebble.a(tmpQA9vUTpebble.o)
 .text.app_sync_init
                0x0000000000000000        0xc /Users/James/pebble-dev/PebbleSDK-3.0-beta10/Pebble/aplite/lib/libpebble.a(tmpQA9vUTpebble.o)
 .text.app_sync_set
                0x0000000000000000        0xc /Users/James/pebble-dev/PebbleSDK-3.0-beta10/Pebble/aplite/lib/libpebble.a(tmpQA9vUTpebble.o)
 .text.app_timer_cancel
                0x0000000000000000        0xc /Users/James/pebble-dev/PebbleSDK-3.0-beta10/Pebble/aplite/lib/libpebble.a(tmpQA9vUTpebble.o)
 .text.app_timer_reschedule
                0x0000000000000000        0xc /Users/James/pebble-dev/PebbleSDK-3.0-beta10/Pebble/aplite/lib/libpebble.a(tmpQA9vUTpebble.o)
 .text.atan2_lookup
                0x0000000000000000        0xc /Users/James/pebble-dev/PebbleSDK-3.0-beta10/Pebble/aplite/lib/libpebble.a(tmpQA9vUTpebble.o)
 .text.atoi     0x0000000000000000        0xc /Users/James/pebble-dev/PebbleSDK-3.0-beta10/Pebble/aplite/lib/libpebble.a(tmpQA9vUTpebble.o)
 .text.atol     0x0000000000000000        0xc /Users/James/pebble-dev/PebbleSDK-3.0-beta10/Pebble/aplite/lib/libpebble.a(tmpQA9vUTpebble.o)
 .text.battery_state_service_subscribe
                0x0000000000000000        0xc /Users/James/pebble-dev/PebbleSDK-3.0-beta10/Pebble/aplite/lib/libpebble.a(tmpQA9vUTpebble.o)
 .text.battery_state_service_unsubscribe
                0x0000000000000000        0xc /Users/James/pebble-dev/PebbleSDK-3.0-beta10/Pebble/aplite/lib/libpebble.a(tmpQA9vUTpebble.o)
 .text.bitmap_layer_create
                0x0000000000000000        0xc /Users/James/pebble-dev/PebbleSDK-3.0-beta10/Pebble/aplite/lib/libpebble.a(tmpQA9vUTpebble.o)
 .text.bitmap_layer_destroy
                0x0000000000000000        0xc /Users/James/pebble-dev/PebbleSDK-3.0-beta10/Pebble/aplite/lib/libpebble.a(tmpQA9vUTpebble.o)
 .text.bitmap_layer_get_layer
                0x0000000000000000        0xc /Users/James/pebble-dev/PebbleSDK-3.0-beta10/Pebble/aplite/lib/libpebble.a(tmpQA9vUTpebble.o)
 .text.bitmap_layer_set_alignment
                0x0000000000000000        0xc /Users/James/pebble-dev/PebbleSDK-3.0-beta10/Pebble/aplite/lib/libpebble.a(tmpQA9vUTpebble.o)
 .text.bitmap_layer_set_background_color
                0x0000000000000000        0xc /Users/James/pebble-dev/PebbleSDK-3.0-beta10/Pebble/aplite/lib/libpebble.a(tmpQA9vUTpebble.o)
 .text.bitmap_layer_set_bitmap
                0x0000000000000000        0xc /Users/James/pebble-dev/PebbleSDK-3.0-beta10/Pebble/aplite/lib/libpebble.a(tmpQA9vUTpebble.o)
 .text.bitmap_layer_set_compositing_mode
                0x0000000000000000        0xc /Users/James/pebble-dev/PebbleSDK-3.0-beta10/Pebble/aplite/lib/libpebble.a(tmpQA9vUTpebble.o)
 .text.click_number_of_clicks_counted
                0x0000000000000000        0xc /Users/James/pebble-dev/PebbleSDK-3.0-beta10/Pebble/aplite/lib/libpebble.a(tmpQA9vUTpebble.o)
 .text.click_recognizer_get_button_id
                0x0000000000000000        0xc /Users/James/pebble-dev/PebbleSDK-3.0-beta10/Pebble/aplite/lib/libpebble.a(tmpQA9vUTpebble.o)
 .text.clock_copy_time_string
                0x0000000000000000        0xc /Users/James/pebble-dev/PebbleSDK-3.0-beta10/Pebble/aplite/lib/libpebble.a(tmpQA9vUTpebble.o)
 .text.cos_lookup
                0x0000000000000000        0xc /Users/James/pebble-dev/PebbleSDK-3.0-beta10/Pebble/aplite/lib/libpebble.a(tmpQA9vUTpebble.o)
 .text.data_logging_create
                0x0000000000000000        0xc /Users/James/pebble-dev/PebbleSDK-3.0-beta10/Pebble/aplite/lib/libpebble.a(tmpQA9vUTpebble.o)
 .text.data_logging_finish
                0x0000000000000000        0xc /Users/James/pebble-dev/PebbleSDK-3.0-beta10/Pebble/aplite/lib/libpebble.a(tmpQA9vUTpebble.o)
 .text.data_logging_log
                0x0000000000000000        0xc /Users/James/pebble-dev/PebbleSDK-3.0-beta10/Pebble/aplite/lib/libpebble.a(tmpQA9vUTpebble.o)
 .text.dict_calc_buffer_size
                0x0000000000000000        0xc /Users/James/pebble-dev/PebbleSDK-3.0-beta10/Pebble/aplite/lib/libpebble.a(tmpQA9vUTpebble.o)
 .text.dict_calc_buffer_size_from_tuplets
                0x0000000000000000        0xc /Users/James/pebble-dev/PebbleSDK-3.0-beta10/Pebble/aplite/lib/libpebble.a(tmpQA9vUTpebble.o)
 .text.dict_find
                0x0000000000000000        0xc /Users/James/pebble-dev/PebbleSDK-3.0-beta10/Pebble/aplite/lib/libpebble.a(tmpQA9vUTpebble.o)
 .text.dict_merge
                0x0000000000000000        0xc /Users/James/pebble-dev/PebbleSDK-3.0-beta10/Pebble/aplite/lib/libpebble.a(tmpQA9vUTpebble.o)
 .text.dict_read_begin_from_buffer
                0x0000000000000000        0xc /Users/James/pebble-dev/PebbleSDK-3.0-beta10/Pebble/aplite/lib/libpebble.a(tmpQA9vUTpebble.o)
 .text.dict_read_first
                0x0000000000000000        0xc /Users/James/pebble-dev/PebbleSDK-3.0-beta10/Pebble/aplite/lib/libpebble.a(tmpQA9vUTpebble.o)
 .text.dict_read_next
                0x0000000000000000        0xc /Users/James/pebble-dev/PebbleSDK-3.0-beta10/Pebble/aplite/lib/libpebble.a(tmpQA9vUTpebble.o)
 .text.dict_serialize_tuplets
                0x0000000000000000        0xc /Users/James/pebble-dev/PebbleSDK-3.0-beta10/Pebble/aplite/lib/libpebble.a(tmpQA9vUTpebble.o)
 .text.dict_serialize_tuplets_to_buffer__deprecated
                0x0000000000000000        0xc /Users/James/pebble-dev/PebbleSDK-3.0-beta10/Pebble/aplite/lib/libpebble.a(tmpQA9vUTpebble.o)
 .text.dict_serialize_tuplets_to_buffer_with_iter
                0x0000000000000000        0xc /Users/James/pebble-dev/PebbleSDK-3.0-beta10/Pebble/aplite/lib/libpebble.a(tmpQA9vUTpebble.o)
 .text.dict_write_begin
                0x0000000000000000        0xc /Users/James/pebble-dev/PebbleSDK-3.0-beta10/Pebble/aplite/lib/libpebble.a(tmpQA9vUTpebble.o)
 .text.dict_write_cstring
                0x0000000000000000        0xc /Users/James/pebble-dev/PebbleSDK-3.0-beta10/Pebble/aplite/lib/libpebble.a(tmpQA9vUTpebble.o)
 .text.dict_write_data
                0x0000000000000000        0xc /Users/James/pebble-dev/PebbleSDK-3.0-beta10/Pebble/aplite/lib/libpebble.a(tmpQA9vUTpebble.o)
 .text.dict_write_end
                0x0000000000000000        0xc /Users/James/pebble-dev/PebbleSDK-3.0-beta10/Pebble/aplite/lib/libpebble.a(tmpQA9vUTpebble.o)
 .text.dict_write_int
                0x0000000000000000        0xc /Users/James/pebble-dev/PebbleSDK-3.0-beta10/Pebble/aplite/lib/libpebble.a(tmpQA9vUTpebble.o)
 .text.dict_write_int16
                0x0000000000000000        0xc /Users/James/pebble-dev/PebbleSDK-3.0-beta10/Pebble/aplite/lib/libpebble.a(tmpQA9vUTpebble.o)
 .text.dict_write_int32
                0x0000000000000000        0xc /Users/James/pebble-dev/PebbleSDK-3.0-beta10/Pebble/aplite/lib/libpebble.a(tmpQA9vUTpebble.o)
 .text.dict_write_int8
                0x0000000000000000        0xc /Users/James/pebble-dev/PebbleSDK-3.0-beta10/Pebble/aplite/lib/libpebble.a(tmpQA9vUTpebble.o)
 .text.dict_write_tuplet
                0x0000000000000000        0xc /Users/James/pebble-dev/PebbleSDK-3.0-beta10/Pebble/aplite/lib/libpebble.a(tmpQA9vUTpebble.o)
 .text.dict_write_uint16
                0x0000000000000000        0xc /Users/James/pebble-dev/PebbleSDK-3.0-beta10/Pebble/aplite/lib/libpebble.a(tmpQA9vUTpebble.o)
 .text.dict_write_uint32
                0x0000000000000000        0xc /Users/James/pebble-dev/PebbleSDK-3.0-beta10/Pebble/aplite/lib/libpebble.a(tmpQA9vUTpebble.o)
 .text.dict_write_uint8
                0x0000000000000000        0xc /Users/James/pebble-dev/PebbleSDK-3.0-beta10/Pebble/aplite/lib/libpebble.a(tmpQA9vUTpebble.o)
 .text.fonts_load_custom_font
                0x0000000000000000        0xc /Users/James/pebble-dev/PebbleSDK-3.0-beta10/Pebble/aplite/lib/libpebble.a(tmpQA9vUTpebble.o)
 .text.fonts_unload_custom_font
                0x0000000000000000        0xc /Users/James/pebble-dev/PebbleSDK-3.0-beta10/Pebble/aplite/lib/libpebble.a(tmpQA9vUTpebble.o)
 .text.free     0x0000000000000000        0xc /Users/James/pebble-dev/PebbleSDK-3.0-beta10/Pebble/aplite/lib/libpebble.a(tmpQA9vUTpebble.o)
 .text.gbitmap_create_as_sub_bitmap
                0x0000000000000000        0xc /Users/James/pebble-dev/PebbleSDK-3.0-beta10/Pebble/aplite/lib/libpebble.a(tmpQA9vUTpebble.o)
 .text.gbitmap_create_with_data
                0x0000000000000000        0xc /Users/James/pebble-dev/PebbleSDK-3.0-beta10/Pebble/aplite/lib/libpebble.a(tmpQA9vUTpebble.o)
 .text.gbitmap_create_with_resource
                0x0000000000000000        0xc /Users/James/pebble-dev/PebbleSDK-3.0-beta10/Pebble/aplite/lib/libpebble.a(tmpQA9vUTpebble.o)
 .text.gbitmap_destroy
                0x0000000000000000        0xc /Users/James/pebble-dev/PebbleSDK-3.0-beta10/Pebble/aplite/lib/libpebble.a(tmpQA9vUTpebble.o)
 .text.gmtime   0x0000000000000000        0xc /Users/James/pebble-dev/PebbleSDK-3.0-beta10/Pebble/aplite/lib/libpebble.a(tmpQA9vUTpebble.o)
 .text.gpath_create
                0x0000000000000000        0xc /Users/James/pebble-dev/PebbleSDK-3.0-beta10/Pebble/aplite/lib/libpebble.a(tmpQA9vUTpebble.o)
 .text.gpath_destroy
                0x0000000000000000        0xc /Users/James/pebble-dev/PebbleSDK-3.0-beta10/Pebble/aplite/lib/libpebble.a(tmpQA9vUTpebble.o)
 .text.gpath_draw_filled_legacy
                0x0000000000000000        0xc /Users/James/pebble-dev/PebbleSDK-3.0-beta10/Pebble/aplite/lib/libpebble.a(tmpQA9vUTpebble.o)
 .text.gpath_draw_outline
                0x0000000000000000        0xc /Users/James/pebble-dev/PebbleSDK-3.0-beta10/Pebble/aplite/lib/libpebble.a(tmpQA9vUTpebble.o)
 .text.gpath_move_to
                0x0000000000000000        0xc /Users/James/pebble-dev/PebbleSDK-3.0-beta10/Pebble/aplite/lib/libpebble.a(tmpQA9vUTpebble.o)
 .text.gpath_rotate_to
                0x0000000000000000        0xc /Users/James/pebble-dev/PebbleSDK-3.0-beta10/Pebble/aplite/lib/libpebble.a(tmpQA9vUTpebble.o)
 .text.gpoint_equal
                0x0000000000000000        0xc /Users/James/pebble-dev/PebbleSDK-3.0-beta10/Pebble/aplite/lib/libpebble.a(tmpQA9vUTpebble.o)
 .text.graphics_context_set_compositing_mode
                0x0000000000000000        0xc /Users/James/pebble-dev/PebbleSDK-3.0-beta10/Pebble/aplite/lib/libpebble.a(tmpQA9vUTpebble.o)
 .text.graphics_context_set_stroke_color
                0x0000000000000000        0xc /Users/James/pebble-dev/PebbleSDK-3.0-beta10/Pebble/aplite/lib/libpebble.a(tmpQA9vUTpebble.o)
 .text.graphics_context_set_text_color
                0x0000000000000000        0xc /Users/James/pebble-dev/PebbleSDK-3.0-beta10/Pebble/aplite/lib/libpebble.a(tmpQA9vUTpebble.o)
 .text.graphics_draw_bitmap_in_rect
                0x0000000000000000        0xc /Users/James/pebble-dev/PebbleSDK-3.0-beta10/Pebble/aplite/lib/libpebble.a(tmpQA9vUTpebble.o)
 .text.graphics_draw_circle
                0x0000000000000000        0xc /Users/James/pebble-dev/PebbleSDK-3.0-beta10/Pebble/aplite/lib/libpebble.a(tmpQA9vUTpebble.o)
 .text.graphics_draw_line
                0x0000000000000000        0xc /Users/James/pebble-dev/PebbleSDK-3.0-beta10/Pebble/aplite/lib/libpebble.a(tmpQA9vUTpebble.o)
 .text.graphics_draw_pixel
                0x0000000000000000        0xc /Users/James/pebble-dev/PebbleSDK-3.0-beta10/Pebble/aplite/lib/libpebble.a(tmpQA9vUTpebble.o)
 .text.graphics_draw_rect
                0x0000000000000000        0xc /Users/James/pebble-dev/PebbleSDK-3.0-beta10/Pebble/aplite/lib/libpebble.a(tmpQA9vUTpebble.o)
 .text.graphics_draw_round_rect
                0x0000000000000000        0xc /Users/James/pebble-dev/PebbleSDK-3.0-beta10/Pebble/aplite/lib/libpebble.a(tmpQA9vUTpebble.o)
 .text.graphics_text_layout_get_max_used_size
                0x0000000000000000        0xc /Users/James/pebble-dev/PebbleSDK-3.0-beta10/Pebble/aplite/lib/libpebble.a(tmpQA9vUTpebble.o)
 .text.grect_align
                0x0000000000000000        0xc /Users/James/pebble-dev/PebbleSDK-3.0-beta10/Pebble/aplite/lib/libpebble.a(tmpQA9vUTpebble.o)
 .text.grect_clip
                0x0000000000000000        0xc /Users/James/pebble-dev/PebbleSDK-3.0-beta10/Pebble/aplite/lib/libpebble.a(tmpQA9vUTpebble.o)
 .text.grect_contains_point
                0x0000000000000000        0xc /Users/James/pebble-dev/PebbleSDK-3.0-beta10/Pebble/aplite/lib/libpebble.a(tmpQA9vUTpebble.o)
 .text.grect_crop
                0x0000000000000000        0xc /Users/James/pebble-dev/PebbleSDK-3.0-beta10/Pebble/aplite/lib/libpebble.a(tmpQA9vUTpebble.o)
 .text.grect_equal
                0x0000000000000000        0xc /Users/James/pebble-dev/PebbleSDK-3.0-beta10/Pebble/aplite/lib/libpebble.a(tmpQA9vUTpebble.o)
 .text.grect_is_empty
                0x0000000000000000        0xc /Users/James/pebble-dev/PebbleSDK-3.0-beta10/Pebble/aplite/lib/libpebble.a(tmpQA9vUTpebble.o)
 .text.grect_standardize
                0x0000000000000000        0xc /Users/James/pebble-dev/PebbleSDK-3.0-beta10/Pebble/aplite/lib/libpebble.a(tmpQA9vUTpebble.o)
 .text.gsize_equal
                0x0000000000000000        0xc /Users/James/pebble-dev/PebbleSDK-3.0-beta10/Pebble/aplite/lib/libpebble.a(tmpQA9vUTpebble.o)
 .text.inverter_layer_create
                0x0000000000000000        0xc /Users/James/pebble-dev/PebbleSDK-3.0-beta10/Pebble/aplite/lib/libpebble.a(tmpQA9vUTpebble.o)
 .text.inverter_layer_destroy
                0x0000000000000000        0xc /Users/James/pebble-dev/PebbleSDK-3.0-beta10/Pebble/aplite/lib/libpebble.a(tmpQA9vUTpebble.o)
 .text.inverter_layer_get_layer
                0x0000000000000000        0xc /Users/James/pebble-dev/PebbleSDK-3.0-beta10/Pebble/aplite/lib/libpebble.a(tmpQA9vUTpebble.o)
 .text.layer_create_with_data
                0x0000000000000000        0xc /Users/James/pebble-dev/PebbleSDK-3.0-beta10/Pebble/aplite/lib/libpebble.a(tmpQA9vUTpebble.o)
 .text.layer_get_clips
                0x0000000000000000        0xc /Users/James/pebble-dev/PebbleSDK-3.0-beta10/Pebble/aplite/lib/libpebble.a(tmpQA9vUTpebble.o)
 .text.layer_get_data
                0x0000000000000000        0xc /Users/James/pebble-dev/PebbleSDK-3.0-beta10/Pebble/aplite/lib/libpebble.a(tmpQA9vUTpebble.o)
 .text.layer_get_frame
                0x0000000000000000        0xc /Users/James/pebble-dev/PebbleSDK-3.0-beta10/Pebble/aplite/lib/libpebble.a(tmpQA9vUTpebble.o)
 .text.layer_get_hidden
                0x0000000000000000        0xc /Users/James/pebble-dev/PebbleSDK-3.0-beta10/Pebble/aplite/lib/libpebble.a(tmpQA9vUTpebble.o)
 .text.layer_get_window
                0x0000000000000000        0xc /Users/James/pebble-dev/PebbleSDK-3.0-beta10/Pebble/aplite/lib/libpebble.a(tmpQA9vUTpebble.o)
 .text.layer_insert_above_sibling
                0x0000000000000000        0xc /Users/James/pebble-dev/PebbleSDK-3.0-beta10/Pebble/aplite/lib/libpebble.a(tmpQA9vUTpebble.o)
 .text.layer_insert_below_sibling
                0x0000000000000000        0xc /Users/James/pebble-dev/PebbleSDK-3.0-beta10/Pebble/aplite/lib/libpebble.a(tmpQA9vUTpebble.o)
 .text.layer_remove_child_layers
                0x0000000000000000        0xc /Users/James/pebble-dev/PebbleSDK-3.0-beta10/Pebble/aplite/lib/libpebble.a(tmpQA9vUTpebble.o)
 .text.layer_remove_from_parent
                0x0000000000000000        0xc /Users/James/pebble-dev/PebbleSDK-3.0-beta10/Pebble/aplite/lib/libpebble.a(tmpQA9vUTpebble.o)
 .text.layer_set_bounds
                0x0000000000000000        0xc /Users/James/pebble-dev/PebbleSDK-3.0-beta10/Pebble/aplite/lib/libpebble.a(tmpQA9vUTpebble.o)
 .text.layer_set_clips
                0x0000000000000000        0xc /Users/James/pebble-dev/PebbleSDK-3.0-beta10/Pebble/aplite/lib/libpebble.a(tmpQA9vUTpebble.o)
 .text.layer_set_frame
                0x0000000000000000        0xc /Users/James/pebble-dev/PebbleSDK-3.0-beta10/Pebble/aplite/lib/libpebble.a(tmpQA9vUTpebble.o)
 .text.light_enable
                0x0000000000000000        0xc /Users/James/pebble-dev/PebbleSDK-3.0-beta10/Pebble/aplite/lib/libpebble.a(tmpQA9vUTpebble.o)
 .text.light_enable_interaction
                0x0000000000000000        0xc /Users/James/pebble-dev/PebbleSDK-3.0-beta10/Pebble/aplite/lib/libpebble.a(tmpQA9vUTpebble.o)
 .text.malloc   0x0000000000000000        0xc /Users/James/pebble-dev/PebbleSDK-3.0-beta10/Pebble/aplite/lib/libpebble.a(tmpQA9vUTpebble.o)
 .text.memcpy   0x0000000000000000        0xc /Users/James/pebble-dev/PebbleSDK-3.0-beta10/Pebble/aplite/lib/libpebble.a(tmpQA9vUTpebble.o)
 .text.memmove  0x0000000000000000        0xc /Users/James/pebble-dev/PebbleSDK-3.0-beta10/Pebble/aplite/lib/libpebble.a(tmpQA9vUTpebble.o)
 .text.menu_cell_basic_draw
                0x0000000000000000        0xc /Users/James/pebble-dev/PebbleSDK-3.0-beta10/Pebble/aplite/lib/libpebble.a(tmpQA9vUTpebble.o)
 .text.menu_cell_basic_header_draw
                0x0000000000000000        0xc /Users/James/pebble-dev/PebbleSDK-3.0-beta10/Pebble/aplite/lib/libpebble.a(tmpQA9vUTpebble.o)
 .text.menu_cell_title_draw
                0x0000000000000000        0xc /Users/James/pebble-dev/PebbleSDK-3.0-beta10/Pebble/aplite/lib/libpebble.a(tmpQA9vUTpebble.o)
 .text.menu_index_compare
                0x0000000000000000        0xc /Users/James/pebble-dev/PebbleSDK-3.0-beta10/Pebble/aplite/lib/libpebble.a(tmpQA9vUTpebble.o)
 .text.menu_layer_create
                0x0000000000000000        0xc /Users/James/pebble-dev/PebbleSDK-3.0-beta10/Pebble/aplite/lib/libpebble.a(tmpQA9vUTpebble.o)
 .text.menu_layer_destroy
                0x0000000000000000        0xc /Users/James/pebble-dev/PebbleSDK-3.0-beta10/Pebble/aplite/lib/libpebble.a(tmpQA9vUTpebble.o)
 .text.menu_layer_get_layer
                0x0000000000000000        0xc /Users/James/pebble-dev/PebbleSDK-3.0-beta10/Pebble/aplite/lib/libpebble.a(tmpQA9vUTpebble.o)
 .text.menu_layer_get_scroll_layer
                0x0000000000000000        0xc /Users/James/pebble-dev/PebbleSDK-3.0-beta10/Pebble/aplite/lib/libpebble.a(tmpQA9vUTpebble.o)
 .text.menu_layer_get_selected_index
                0x0000000000000000        0xc /Users/James/pebble-dev/PebbleSDK-3.0-beta10/Pebble/aplite/lib/libpebble.a(tmpQA9vUTpebble.o)
 .text.menu_layer_reload_data
                0x0000000000000000        0xc /Users/James/pebble-dev/PebbleSDK-3.0-beta10/Pebble/aplite/lib/libpebble.a(tmpQA9vUTpebble.o)
 .text.menu_layer_set_callbacks__deprecated
                0x0000000000000000        0xc /Users/James/pebble-dev/PebbleSDK-3.0-beta10/Pebble/aplite/lib/libpebble.a(tmpQA9vUTpebble.o)
 .text.menu_layer_set_click_config_onto_window
                0x0000000000000000        0xc /Users/James/pebble-dev/PebbleSDK-3.0-beta10/Pebble/aplite/lib/libpebble.a(tmpQA9vUTpebble.o)
 .text.menu_layer_set_selected_index
                0x0000000000000000        0xc /Users/James/pebble-dev/PebbleSDK-3.0-beta10/Pebble/aplite/lib/libpebble.a(tmpQA9vUTpebble.o)
 .text.menu_layer_set_selected_next
                0x0000000000000000        0xc /Users/James/pebble-dev/PebbleSDK-3.0-beta10/Pebble/aplite/lib/libpebble.a(tmpQA9vUTpebble.o)
 .text.number_window_create
                0x0000000000000000        0xc /Users/James/pebble-dev/PebbleSDK-3.0-beta10/Pebble/aplite/lib/libpebble.a(tmpQA9vUTpebble.o)
 .text.number_window_destroy
                0x0000000000000000        0xc /Users/James/pebble-dev/PebbleSDK-3.0-beta10/Pebble/aplite/lib/libpebble.a(tmpQA9vUTpebble.o)
 .text.number_window_get_value
                0x0000000000000000        0xc /Users/James/pebble-dev/PebbleSDK-3.0-beta10/Pebble/aplite/lib/libpebble.a(tmpQA9vUTpebble.o)
 .text.number_window_set_label
                0x0000000000000000        0xc /Users/James/pebble-dev/PebbleSDK-3.0-beta10/Pebble/aplite/lib/libpebble.a(tmpQA9vUTpebble.o)
 .text.number_window_set_max
                0x0000000000000000        0xc /Users/James/pebble-dev/PebbleSDK-3.0-beta10/Pebble/aplite/lib/libpebble.a(tmpQA9vUTpebble.o)
 .text.number_window_set_min
                0x0000000000000000        0xc /Users/James/pebble-dev/PebbleSDK-3.0-beta10/Pebble/aplite/lib/libpebble.a(tmpQA9vUTpebble.o)
 .text.number_window_set_step_size
                0x0000000000000000        0xc /Users/James/pebble-dev/PebbleSDK-3.0-beta10/Pebble/aplite/lib/libpebble.a(tmpQA9vUTpebble.o)
 .text.number_window_set_value
                0x0000000000000000        0xc /Users/James/pebble-dev/PebbleSDK-3.0-beta10/Pebble/aplite/lib/libpebble.a(tmpQA9vUTpebble.o)
 .text.persist_delete
                0x0000000000000000        0xc /Users/James/pebble-dev/PebbleSDK-3.0-beta10/Pebble/aplite/lib/libpebble.a(tmpQA9vUTpebble.o)
 .text.persist_exists
                0x0000000000000000        0xc /Users/James/pebble-dev/PebbleSDK-3.0-beta10/Pebble/aplite/lib/libpebble.a(tmpQA9vUTpebble.o)
 .text.persist_get_size
                0x0000000000000000        0xc /Users/James/pebble-dev/PebbleSDK-3.0-beta10/Pebble/aplite/lib/libpebble.a(tmpQA9vUTpebble.o)
 .text.persist_read_bool
                0x0000000000000000        0xc /Users/James/pebble-dev/PebbleSDK-3.0-beta10/Pebble/aplite/lib/libpebble.a(tmpQA9vUTpebble.o)
 .text.persist_read_data__deprecated
                0x0000000000000000        0xc /Users/James/pebble-dev/PebbleSDK-3.0-beta10/Pebble/aplite/lib/libpebble.a(tmpQA9vUTpebble.o)
 .text.persist_read_int
                0x0000000000000000        0xc /Users/James/pebble-dev/PebbleSDK-3.0-beta10/Pebble/aplite/lib/libpebble.a(tmpQA9vUTpebble.o)
 .text.persist_read_string__deprecated
                0x0000000000000000        0xc /Users/James/pebble-dev/PebbleSDK-3.0-beta10/Pebble/aplite/lib/libpebble.a(tmpQA9vUTpebble.o)
 .text.persist_write_bool
                0x0000000000000000        0xc /Users/James/pebble-dev/PebbleSDK-3.0-beta10/Pebble/aplite/lib/libpebble.a(tmpQA9vUTpebble.o)
 .text.persist_write_data__deprecated
                0x0000000000000000        0xc /Users/James/pebble-dev/PebbleSDK-3.0-beta10/Pebble/aplite/lib/libpebble.a(tmpQA9vUTpebble.o)
 .text.persist_write_int
                0x0000000000000000        0xc /Users/James/pebble-dev/PebbleSDK-3.0-beta10/Pebble/aplite/lib/libpebble.a(tmpQA9vUTpebble.o)
 .text.persist_write_string
                0x0000000000000000        0xc /Users/James/pebble-dev/PebbleSDK-3.0-beta10/Pebble/aplite/lib/libpebble.a(tmpQA9vUTpebble.o)
 .text.property_animation_create
                0x0000000000000000        0xc /Users/James/pebble-dev/PebbleSDK-3.0-beta10/Pebble/aplite/lib/libpebble.a(tmpQA9vUTpebble.o)
 .text.property_animation_create_layer_frame
                0x0000000000000000        0xc /Users/James/pebble-dev/PebbleSDK-3.0-beta10/Pebble/aplite/lib/libpebble.a(tmpQA9vUTpebble.o)
 .text.property_animation_destroy
                0x0000000000000000        0xc /Users/James/pebble-dev/PebbleSDK-3.0-beta10/Pebble/aplite/lib/libpebble.a(tmpQA9vUTpebble.o)
 .text.property_animation_update_gpoint
                0x0000000000000000        0xc /Users/James/pebble-dev/PebbleSDK-3.0-beta10/Pebble/aplite/lib/libpebble.a(tmpQA9vUTpebble.o)
 .text.property_animation_update_grect
                0x0000000000000000        0xc /Users/James/pebble-dev/PebbleSDK-3.0-beta10/Pebble/aplite/lib/libpebble.a(tmpQA9vUTpebble.o)
 .text.property_animation_update_int16
                0x0000000000000000        0xc /Users/James/pebble-dev/PebbleSDK-3.0-beta10/Pebble/aplite/lib/libpebble.a(tmpQA9vUTpebble.o)
 .text.psleep   0x0000000000000000        0xc /Users/James/pebble-dev/PebbleSDK-3.0-beta10/Pebble/aplite/lib/libpebble.a(tmpQA9vUTpebble.o)
 .text.rand     0x0000000000000000        0xc /Users/James/pebble-dev/PebbleSDK-3.0-beta10/Pebble/aplite/lib/libpebble.a(tmpQA9vUTpebble.o)
 .text.resource_get_handle
                0x0000000000000000        0xc /Users/James/pebble-dev/PebbleSDK-3.0-beta10/Pebble/aplite/lib/libpebble.a(tmpQA9vUTpebble.o)
 .text.resource_load
                0x0000000000000000        0xc /Users/James/pebble-dev/PebbleSDK-3.0-beta10/Pebble/aplite/lib/libpebble.a(tmpQA9vUTpebble.o)
 .text.resource_load_byte_range
                0x0000000000000000        0xc /Users/James/pebble-dev/PebbleSDK-3.0-beta10/Pebble/aplite/lib/libpebble.a(tmpQA9vUTpebble.o)
 .text.resource_size
                0x0000000000000000        0xc /Users/James/pebble-dev/PebbleSDK-3.0-beta10/Pebble/aplite/lib/libpebble.a(tmpQA9vUTpebble.o)
 .text.rot_bitmap_layer_create
                0x0000000000000000        0xc /Users/James/pebble-dev/PebbleSDK-3.0-beta10/Pebble/aplite/lib/libpebble.a(tmpQA9vUTpebble.o)
 .text.rot_bitmap_layer_destroy
                0x0000000000000000        0xc /Users/James/pebble-dev/PebbleSDK-3.0-beta10/Pebble/aplite/lib/libpebble.a(tmpQA9vUTpebble.o)
 .text.rot_bitmap_layer_increment_angle
                0x0000000000000000        0xc /Users/James/pebble-dev/PebbleSDK-3.0-beta10/Pebble/aplite/lib/libpebble.a(tmpQA9vUTpebble.o)
 .text.rot_bitmap_layer_set_angle
                0x0000000000000000        0xc /Users/James/pebble-dev/PebbleSDK-3.0-beta10/Pebble/aplite/lib/libpebble.a(tmpQA9vUTpebble.o)
 .text.rot_bitmap_layer_set_corner_clip_color
                0x0000000000000000        0xc /Users/James/pebble-dev/PebbleSDK-3.0-beta10/Pebble/aplite/lib/libpebble.a(tmpQA9vUTpebble.o)
 .text.rot_bitmap_set_compositing_mode
                0x0000000000000000        0xc /Users/James/pebble-dev/PebbleSDK-3.0-beta10/Pebble/aplite/lib/libpebble.a(tmpQA9vUTpebble.o)
 .text.rot_bitmap_set_src_ic
                0x0000000000000000        0xc /Users/James/pebble-dev/PebbleSDK-3.0-beta10/Pebble/aplite/lib/libpebble.a(tmpQA9vUTpebble.o)
 .text.scroll_layer_add_child
                0x0000000000000000        0xc /Users/James/pebble-dev/PebbleSDK-3.0-beta10/Pebble/aplite/lib/libpebble.a(tmpQA9vUTpebble.o)
 .text.scroll_layer_create
                0x0000000000000000        0xc /Users/James/pebble-dev/PebbleSDK-3.0-beta10/Pebble/aplite/lib/libpebble.a(tmpQA9vUTpebble.o)
 .text.scroll_layer_destroy
                0x0000000000000000        0xc /Users/James/pebble-dev/PebbleSDK-3.0-beta10/Pebble/aplite/lib/libpebble.a(tmpQA9vUTpebble.o)
 .text.scroll_layer_get_content_offset
                0x0000000000000000        0xc /Users/James/pebble-dev/PebbleSDK-3.0-beta10/Pebble/aplite/lib/libpebble.a(tmpQA9vUTpebble.o)
 .text.scroll_layer_get_content_size
                0x0000000000000000        0xc /Users/James/pebble-dev/PebbleSDK-3.0-beta10/Pebble/aplite/lib/libpebble.a(tmpQA9vUTpebble.o)
 .text.scroll_layer_get_layer
                0x0000000000000000        0xc /Users/James/pebble-dev/PebbleSDK-3.0-beta10/Pebble/aplite/lib/libpebble.a(tmpQA9vUTpebble.o)
 .text.scroll_layer_get_shadow_hidden
                0x0000000000000000        0xc /Users/James/pebble-dev/PebbleSDK-3.0-beta10/Pebble/aplite/lib/libpebble.a(tmpQA9vUTpebble.o)
 .text.scroll_layer_scroll_down_click_handler
                0x0000000000000000        0xc /Users/James/pebble-dev/PebbleSDK-3.0-beta10/Pebble/aplite/lib/libpebble.a(tmpQA9vUTpebble.o)
 .text.scroll_layer_scroll_up_click_handler
                0x0000000000000000        0xc /Users/James/pebble-dev/PebbleSDK-3.0-beta10/Pebble/aplite/lib/libpebble.a(tmpQA9vUTpebble.o)
 .text.scroll_layer_set_callbacks
                0x0000000000000000        0xc /Users/James/pebble-dev/PebbleSDK-3.0-beta10/Pebble/aplite/lib/libpebble.a(tmpQA9vUTpebble.o)
 .text.scroll_layer_set_click_config_onto_window
                0x0000000000000000        0xc /Users/James/pebble-dev/PebbleSDK-3.0-beta10/Pebble/aplite/lib/libpebble.a(tmpQA9vUTpebble.o)
 .text.scroll_layer_set_content_offset
                0x0000000000000000        0xc /Users/James/pebble-dev/PebbleSDK-3.0-beta10/Pebble/aplite/lib/libpebble.a(tmpQA9vUTpebble.o)
 .text.scroll_layer_set_content_size
                0x0000000000000000        0xc /Users/James/pebble-dev/PebbleSDK-3.0-beta10/Pebble/aplite/lib/libpebble.a(tmpQA9vUTpebble.o)
 .text.scroll_layer_set_context
                0x0000000000000000        0xc /Users/James/pebble-dev/PebbleSDK-3.0-beta10/Pebble/aplite/lib/libpebble.a(tmpQA9vUTpebble.o)
 .text.scroll_layer_set_frame
                0x0000000000000000        0xc /Users/James/pebble-dev/PebbleSDK-3.0-beta10/Pebble/aplite/lib/libpebble.a(tmpQA9vUTpebble.o)
 .text.scroll_layer_set_shadow_hidden
                0x0000000000000000        0xc /Users/James/pebble-dev/PebbleSDK-3.0-beta10/Pebble/aplite/lib/libpebble.a(tmpQA9vUTpebble.o)
 .text.simple_menu_layer_create
                0x0000000000000000        0xc /Users/James/pebble-dev/PebbleSDK-3.0-beta10/Pebble/aplite/lib/libpebble.a(tmpQA9vUTpebble.o)
 .text.simple_menu_layer_destroy
                0x0000000000000000        0xc /Users/James/pebble-dev/PebbleSDK-3.0-beta10/Pebble/aplite/lib/libpebble.a(tmpQA9vUTpebble.o)
 .text.simple_menu_layer_get_layer
                0x0000000000000000        0xc /Users/James/pebble-dev/PebbleSDK-3.0-beta10/Pebble/aplite/lib/libpebble.a(tmpQA9vUTpebble.o)
 .text.simple_menu_layer_get_selected_index
                0x0000000000000000        0xc /Users/James/pebble-dev/PebbleSDK-3.0-beta10/Pebble/aplite/lib/libpebble.a(tmpQA9vUTpebble.o)
 .text.simple_menu_layer_set_selected_index
                0x0000000000000000        0xc /Users/James/pebble-dev/PebbleSDK-3.0-beta10/Pebble/aplite/lib/libpebble.a(tmpQA9vUTpebble.o)
 .text.sin_lookup
                0x0000000000000000        0xc /Users/James/pebble-dev/PebbleSDK-3.0-beta10/Pebble/aplite/lib/libpebble.a(tmpQA9vUTpebble.o)
 .text.snprintf
                0x0000000000000000        0xc /Users/James/pebble-dev/PebbleSDK-3.0-beta10/Pebble/aplite/lib/libpebble.a(tmpQA9vUTpebble.o)
 .text.srand    0x0000000000000000        0xc /Users/James/pebble-dev/PebbleSDK-3.0-beta10/Pebble/aplite/lib/libpebble.a(tmpQA9vUTpebble.o)
 .text.strcat   0x0000000000000000        0xc /Users/James/pebble-dev/PebbleSDK-3.0-beta10/Pebble/aplite/lib/libpebble.a(tmpQA9vUTpebble.o)
 .text.strcmp   0x0000000000000000        0xc /Users/James/pebble-dev/PebbleSDK-3.0-beta10/Pebble/aplite/lib/libpebble.a(tmpQA9vUTpebble.o)
 .text.strcpy   0x0000000000000000        0xc /Users/James/pebble-dev/PebbleSDK-3.0-beta10/Pebble/aplite/lib/libpebble.a(tmpQA9vUTpebble.o)
 .text.strlen   0x0000000000000000        0xc /Users/James/pebble-dev/PebbleSDK-3.0-beta10/Pebble/aplite/lib/libpebble.a(tmpQA9vUTpebble.o)
 .text.strncat  0x0000000000000000        0xc /Users/James/pebble-dev/PebbleSDK-3.0-beta10/Pebble/aplite/lib/libpebble.a(tmpQA9vUTpebble.o)
 .text.strncmp  0x0000000000000000        0xc /Users/James/pebble-dev/PebbleSDK-3.0-beta10/Pebble/aplite/lib/libpebble.a(tmpQA9vUTpebble.o)
 .text.strncpy  0x0000000000000000        0xc /Users/James/pebble-dev/PebbleSDK-3.0-beta10/Pebble/aplite/lib/libpebble.a(tmpQA9vUTpebble.o)
 .text.text_layer_get_content_size
                0x0000000000000000        0xc /Users/James/pebble-dev/PebbleSDK-3.0-beta10/Pebble/aplite/lib/libpebble.a(tmpQA9vUTpebble.o)
 .text.text_layer_get_text
                0x0000000000000000        0xc /Users/James/pebble-dev/PebbleSDK-3.0-beta10/Pebble/aplite/lib/libpebble.a(tmpQA9vUTpebble.o)
 .text.text_layer_set_overflow_mode
                0x0000000000000000        0xc /Users/James/pebble-dev/PebbleSDK-3.0-beta10/Pebble/aplite/lib/libpebble.a(tmpQA9vUTpebble.o)
 .text.text_layer_set_size
                0x0000000000000000        0xc /Users/James/pebble-dev/PebbleSDK-3.0-beta10/Pebble/aplite/lib/libpebble.a(tmpQA9vUTpebble.o)
 .text.tick_timer_service_unsubscribe
                0x0000000000000000        0xc /Users/James/pebble-dev/PebbleSDK-3.0-beta10/Pebble/aplite/lib/libpebble.a(tmpQA9vUTpebble.o)
 .text.time_ms  0x0000000000000000        0xc /Users/James/pebble-dev/PebbleSDK-3.0-beta10/Pebble/aplite/lib/libpebble.a(tmpQA9vUTpebble.o)
 .text.vibes_cancel
                0x0000000000000000        0xc /Users/James/pebble-dev/PebbleSDK-3.0-beta10/Pebble/aplite/lib/libpebble.a(tmpQA9vUTpebble.o)
 .text.vibes_enqueue_custom_pattern
                0x0000000000000000        0xc /Users/James/pebble-dev/PebbleSDK-3.0-beta10/Pebble/aplite/lib/libpebble.a(tmpQA9vUTpebble.o)
 .text.vibes_long_pulse
                0x0000000000000000        0xc /Users/James/pebble-dev/PebbleSDK-3.0-beta10/Pebble/aplite/lib/libpebble.a(tmpQA9vUTpebble.o)
 .text.window_get_click_config_provider
                0x0000000000000000        0xc /Users/James/pebble-dev/PebbleSDK-3.0-beta10/Pebble/aplite/lib/libpebble.a(tmpQA9vUTpebble.o)
 .text.window_get_fullscreen
                0x0000000000000000        0xc /Users/James/pebble-dev/PebbleSDK-3.0-beta10/Pebble/aplite/lib/libpebble.a(tmpQA9vUTpebble.o)
 .text.window_is_loaded
                0x0000000000000000        0xc /Users/James/pebble-dev/PebbleSDK-3.0-beta10/Pebble/aplite/lib/libpebble.a(tmpQA9vUTpebble.o)
 .text.window_set_background_color
                0x0000000000000000        0xc /Users/James/pebble-dev/PebbleSDK-3.0-beta10/Pebble/aplite/lib/libpebble.a(tmpQA9vUTpebble.o)
 .text.window_set_click_config_provider
                0x0000000000000000        0xc /Users/James/pebble-dev/PebbleSDK-3.0-beta10/Pebble/aplite/lib/libpebble.a(tmpQA9vUTpebble.o)
 .text.window_set_click_config_provider_with_context
                0x0000000000000000        0xc /Users/James/pebble-dev/PebbleSDK-3.0-beta10/Pebble/aplite/lib/libpebble.a(tmpQA9vUTpebble.o)
 .text.window_set_fullscreen
                0x0000000000000000        0xc /Users/James/pebble-dev/PebbleSDK-3.0-beta10/Pebble/aplite/lib/libpebble.a(tmpQA9vUTpebble.o)
 .text.window_set_status_bar_icon
                0x0000000000000000        0xc /Users/James/pebble-dev/PebbleSDK-3.0-beta10/Pebble/aplite/lib/libpebble.a(tmpQA9vUTpebble.o)
 .text.window_stack_contains_window
                0x0000000000000000        0xc /Users/James/pebble-dev/PebbleSDK-3.0-beta10/Pebble/aplite/lib/libpebble.a(tmpQA9vUTpebble.o)
 .text.window_stack_get_top_window
                0x0000000000000000        0xc /Users/James/pebble-dev/PebbleSDK-3.0-beta10/Pebble/aplite/lib/libpebble.a(tmpQA9vUTpebble.o)
 .text.window_stack_pop
                0x0000000000000000        0xc /Users/James/pebble-dev/PebbleSDK-3.0-beta10/Pebble/aplite/lib/libpebble.a(tmpQA9vUTpebble.o)
 .text.window_stack_pop_all
                0x0000000000000000        0xc /Users/James/pebble-dev/PebbleSDK-3.0-beta10/Pebble/aplite/lib/libpebble.a(tmpQA9vUTpebble.o)
 .text.window_stack_remove
                0x0000000000000000        0xc /Users/James/pebble-dev/PebbleSDK-3.0-beta10/Pebble/aplite/lib/libpebble.a(tmpQA9vUTpebble.o)
 .text.app_focus_service_subscribe
                0x0000000000000000        0xc /Users/James/pebble-dev/PebbleSDK-3.0-beta10/Pebble/aplite/lib/libpebble.a(tmpQA9vUTpebble.o)
 .text.app_focus_service_unsubscribe
                0x0000000000000000        0xc /Users/James/pebble-dev/PebbleSDK-3.0-beta10/Pebble/aplite/lib/libpebble.a(tmpQA9vUTpebble.o)
 .text.window_get_user_data
                0x0000000000000000        0xc /Users/James/pebble-dev/PebbleSDK-3.0-beta10/Pebble/aplite/lib/libpebble.a(tmpQA9vUTpebble.o)
 .text.window_set_user_data
                0x0000000000000000        0xc /Users/James/pebble-dev/PebbleSDK-3.0-beta10/Pebble/aplite/lib/libpebble.a(tmpQA9vUTpebble.o)
 .text.app_message_get_context
                0x0000000000000000        0xc /Users/James/pebble-dev/PebbleSDK-3.0-beta10/Pebble/aplite/lib/libpebble.a(tmpQA9vUTpebble.o)
 .text.app_message_inbox_size_maximum
                0x0000000000000000        0xc /Users/James/pebble-dev/PebbleSDK-3.0-beta10/Pebble/aplite/lib/libpebble.a(tmpQA9vUTpebble.o)
 .text.app_message_outbox_begin
                0x0000000000000000        0xc /Users/James/pebble-dev/PebbleSDK-3.0-beta10/Pebble/aplite/lib/libpebble.a(tmpQA9vUTpebble.o)
 .text.app_message_outbox_send
                0x0000000000000000        0xc /Users/James/pebble-dev/PebbleSDK-3.0-beta10/Pebble/aplite/lib/libpebble.a(tmpQA9vUTpebble.o)
 .text.app_message_outbox_size_maximum
                0x0000000000000000        0xc /Users/James/pebble-dev/PebbleSDK-3.0-beta10/Pebble/aplite/lib/libpebble.a(tmpQA9vUTpebble.o)
 .text.app_message_register_inbox_dropped
                0x0000000000000000        0xc /Users/James/pebble-dev/PebbleSDK-3.0-beta10/Pebble/aplite/lib/libpebble.a(tmpQA9vUTpebble.o)
 .text.app_message_register_inbox_received
                0x0000000000000000        0xc /Users/James/pebble-dev/PebbleSDK-3.0-beta10/Pebble/aplite/lib/libpebble.a(tmpQA9vUTpebble.o)
 .text.app_message_register_outbox_failed
                0x0000000000000000        0xc /Users/James/pebble-dev/PebbleSDK-3.0-beta10/Pebble/aplite/lib/libpebble.a(tmpQA9vUTpebble.o)
 .text.app_message_register_outbox_sent
                0x0000000000000000        0xc /Users/James/pebble-dev/PebbleSDK-3.0-beta10/Pebble/aplite/lib/libpebble.a(tmpQA9vUTpebble.o)
 .text.app_message_set_context
                0x0000000000000000        0xc /Users/James/pebble-dev/PebbleSDK-3.0-beta10/Pebble/aplite/lib/libpebble.a(tmpQA9vUTpebble.o)
 .text.window_long_click_subscribe
                0x0000000000000000        0xc /Users/James/pebble-dev/PebbleSDK-3.0-beta10/Pebble/aplite/lib/libpebble.a(tmpQA9vUTpebble.o)
 .text.window_multi_click_subscribe
                0x0000000000000000        0xc /Users/James/pebble-dev/PebbleSDK-3.0-beta10/Pebble/aplite/lib/libpebble.a(tmpQA9vUTpebble.o)
 .text.window_raw_click_subscribe
                0x0000000000000000        0xc /Users/James/pebble-dev/PebbleSDK-3.0-beta10/Pebble/aplite/lib/libpebble.a(tmpQA9vUTpebble.o)
 .text.window_set_click_context
                0x0000000000000000        0xc /Users/James/pebble-dev/PebbleSDK-3.0-beta10/Pebble/aplite/lib/libpebble.a(tmpQA9vUTpebble.o)
 .text.window_single_click_subscribe
                0x0000000000000000        0xc /Users/James/pebble-dev/PebbleSDK-3.0-beta10/Pebble/aplite/lib/libpebble.a(tmpQA9vUTpebble.o)
 .text.window_single_repeating_click_subscribe
                0x0000000000000000        0xc /Users/James/pebble-dev/PebbleSDK-3.0-beta10/Pebble/aplite/lib/libpebble.a(tmpQA9vUTpebble.o)
 .text.graphics_draw_text
                0x0000000000000000        0xc /Users/James/pebble-dev/PebbleSDK-3.0-beta10/Pebble/aplite/lib/libpebble.a(tmpQA9vUTpebble.o)
 .text.dict_serialize_tuplets_to_buffer
                0x0000000000000000        0xc /Users/James/pebble-dev/PebbleSDK-3.0-beta10/Pebble/aplite/lib/libpebble.a(tmpQA9vUTpebble.o)
 .text.persist_read_data
                0x0000000000000000        0xc /Users/James/pebble-dev/PebbleSDK-3.0-beta10/Pebble/aplite/lib/libpebble.a(tmpQA9vUTpebble.o)
 .text.persist_read_string
                0x0000000000000000        0xc /Users/James/pebble-dev/PebbleSDK-3.0-beta10/Pebble/aplite/lib/libpebble.a(tmpQA9vUTpebble.o)
 .text.persist_write_data
                0x0000000000000000        0xc /Users/James/pebble-dev/PebbleSDK-3.0-beta10/Pebble/aplite/lib/libpebble.a(tmpQA9vUTpebble.o)
 .text.dict_size
                0x0000000000000000        0xc /Users/James/pebble-dev/PebbleSDK-3.0-beta10/Pebble/aplite/lib/libpebble.a(tmpQA9vUTpebble.o)
 .text.graphics_text_layout_get_content_size
                0x0000000000000000        0xc /Users/James/pebble-dev/PebbleSDK-3.0-beta10/Pebble/aplite/lib/libpebble.a(tmpQA9vUTpebble.o)
 .text.simple_menu_layer_get_menu_layer
                0x0000000000000000        0xc /Users/James/pebble-dev/PebbleSDK-3.0-beta10/Pebble/aplite/lib/libpebble.a(tmpQA9vUTpebble.o)
 .text.accel_data_service_subscribe
                0x0000000000000000        0xc /Users/James/pebble-dev/PebbleSDK-3.0-beta10/Pebble/aplite/lib/libpebble.a(tmpQA9vUTpebble.o)
 .text.calloc   0x0000000000000000        0xc /Users/James/pebble-dev/PebbleSDK-3.0-beta10/Pebble/aplite/lib/libpebble.a(tmpQA9vUTpebble.o)
 .text.bitmap_layer_get_bitmap
                0x0000000000000000        0xc /Users/James/pebble-dev/PebbleSDK-3.0-beta10/Pebble/aplite/lib/libpebble.a(tmpQA9vUTpebble.o)
 .text.menu_layer_set_callbacks
                0x0000000000000000        0xc /Users/James/pebble-dev/PebbleSDK-3.0-beta10/Pebble/aplite/lib/libpebble.a(tmpQA9vUTpebble.o)
 .text.window_get_click_config_context
                0x0000000000000000        0xc /Users/James/pebble-dev/PebbleSDK-3.0-beta10/Pebble/aplite/lib/libpebble.a(tmpQA9vUTpebble.o)
 .text.number_window_get_window
                0x0000000000000000        0xc /Users/James/pebble-dev/PebbleSDK-3.0-beta10/Pebble/aplite/lib/libpebble.a(tmpQA9vUTpebble.o)
 .text.realloc  0x0000000000000000        0xc /Users/James/pebble-dev/PebbleSDK-3.0-beta10/Pebble/aplite/lib/libpebble.a(tmpQA9vUTpebble.o)
 .text.__gbitmap_create_blank
                0x0000000000000000        0xc /Users/James/pebble-dev/PebbleSDK-3.0-beta10/Pebble/aplite/lib/libpebble.a(tmpQA9vUTpebble.o)
 .text.click_recognizer_is_repeating
                0x0000000000000000        0xc /Users/James/pebble-dev/PebbleSDK-3.0-beta10/Pebble/aplite/lib/libpebble.a(tmpQA9vUTpebble.o)
 .text.accel_raw_data_service_subscribe
                0x0000000000000000        0xc /Users/James/pebble-dev/PebbleSDK-3.0-beta10/Pebble/aplite/lib/libpebble.a(tmpQA9vUTpebble.o)
 .text.app_worker_is_running
                0x0000000000000000        0xc /Users/James/pebble-dev/PebbleSDK-3.0-beta10/Pebble/aplite/lib/libpebble.a(tmpQA9vUTpebble.o)
 .text.app_worker_kill
                0x0000000000000000        0xc /Users/James/pebble-dev/PebbleSDK-3.0-beta10/Pebble/aplite/lib/libpebble.a(tmpQA9vUTpebble.o)
 .text.app_worker_launch
                0x0000000000000000        0xc /Users/James/pebble-dev/PebbleSDK-3.0-beta10/Pebble/aplite/lib/libpebble.a(tmpQA9vUTpebble.o)
 .text.app_worker_message_subscribe
                0x0000000000000000        0xc /Users/James/pebble-dev/PebbleSDK-3.0-beta10/Pebble/aplite/lib/libpebble.a(tmpQA9vUTpebble.o)
 .text.app_worker_message_unsubscribe
                0x0000000000000000        0xc /Users/James/pebble-dev/PebbleSDK-3.0-beta10/Pebble/aplite/lib/libpebble.a(tmpQA9vUTpebble.o)
 .text.app_worker_send_message
                0x0000000000000000        0xc /Users/James/pebble-dev/PebbleSDK-3.0-beta10/Pebble/aplite/lib/libpebble.a(tmpQA9vUTpebble.o)
 .text.worker_event_loop
                0x0000000000000000        0xc /Users/James/pebble-dev/PebbleSDK-3.0-beta10/Pebble/aplite/lib/libpebble.a(tmpQA9vUTpebble.o)
 .text.worker_launch_app
                0x0000000000000000        0xc /Users/James/pebble-dev/PebbleSDK-3.0-beta10/Pebble/aplite/lib/libpebble.a(tmpQA9vUTpebble.o)
 .text.heap_bytes_free
                0x0000000000000000        0xc /Users/James/pebble-dev/PebbleSDK-3.0-beta10/Pebble/aplite/lib/libpebble.a(tmpQA9vUTpebble.o)
 .text.heap_bytes_used
                0x0000000000000000        0xc /Users/James/pebble-dev/PebbleSDK-3.0-beta10/Pebble/aplite/lib/libpebble.a(tmpQA9vUTpebble.o)
 .text.compass_service_peek
                0x0000000000000000        0xc /Users/James/pebble-dev/PebbleSDK-3.0-beta10/Pebble/aplite/lib/libpebble.a(tmpQA9vUTpebble.o)
 .text.compass_service_set_heading_filter
                0x0000000000000000        0xc /Users/James/pebble-dev/PebbleSDK-3.0-beta10/Pebble/aplite/lib/libpebble.a(tmpQA9vUTpebble.o)
 .text.compass_service_subscribe
                0x0000000000000000        0xc /Users/James/pebble-dev/PebbleSDK-3.0-beta10/Pebble/aplite/lib/libpebble.a(tmpQA9vUTpebble.o)
 .text.compass_service_unsubscribe
                0x0000000000000000        0xc /Users/James/pebble-dev/PebbleSDK-3.0-beta10/Pebble/aplite/lib/libpebble.a(tmpQA9vUTpebble.o)
 .text.uuid_equal
                0x0000000000000000        0xc /Users/James/pebble-dev/PebbleSDK-3.0-beta10/Pebble/aplite/lib/libpebble.a(tmpQA9vUTpebble.o)
 .text.uuid_to_string
                0x0000000000000000        0xc /Users/James/pebble-dev/PebbleSDK-3.0-beta10/Pebble/aplite/lib/libpebble.a(tmpQA9vUTpebble.o)
 .text.gpath_draw_filled
                0x0000000000000000        0xc /Users/James/pebble-dev/PebbleSDK-3.0-beta10/Pebble/aplite/lib/libpebble.a(tmpQA9vUTpebble.o)
 .text.animation_set_custom_curve
                0x0000000000000000        0xc /Users/James/pebble-dev/PebbleSDK-3.0-beta10/Pebble/aplite/lib/libpebble.a(tmpQA9vUTpebble.o)
 .text.watch_info_get_color
                0x0000000000000000        0xc /Users/James/pebble-dev/PebbleSDK-3.0-beta10/Pebble/aplite/lib/libpebble.a(tmpQA9vUTpebble.o)
 .text.watch_info_get_firmware_version
                0x0000000000000000        0xc /Users/James/pebble-dev/PebbleSDK-3.0-beta10/Pebble/aplite/lib/libpebble.a(tmpQA9vUTpebble.o)
 .text.watch_info_get_model
                0x0000000000000000        0xc /Users/James/pebble-dev/PebbleSDK-3.0-beta10/Pebble/aplite/lib/libpebble.a(tmpQA9vUTpebble.o)
 .text.graphics_capture_frame_buffer
                0x0000000000000000        0xc /Users/James/pebble-dev/PebbleSDK-3.0-beta10/Pebble/aplite/lib/libpebble.a(tmpQA9vUTpebble.o)
 .text.graphics_frame_buffer_is_captured
                0x0000000000000000        0xc /Users/James/pebble-dev/PebbleSDK-3.0-beta10/Pebble/aplite/lib/libpebble.a(tmpQA9vUTpebble.o)
 .text.graphics_release_frame_buffer
                0x0000000000000000        0xc /Users/James/pebble-dev/PebbleSDK-3.0-beta10/Pebble/aplite/lib/libpebble.a(tmpQA9vUTpebble.o)
 .text.clock_to_timestamp
                0x0000000000000000        0xc /Users/James/pebble-dev/PebbleSDK-3.0-beta10/Pebble/aplite/lib/libpebble.a(tmpQA9vUTpebble.o)
 .text.launch_reason
                0x0000000000000000        0xc /Users/James/pebble-dev/PebbleSDK-3.0-beta10/Pebble/aplite/lib/libpebble.a(tmpQA9vUTpebble.o)
 .text.wakeup_cancel
                0x0000000000000000        0xc /Users/James/pebble-dev/PebbleSDK-3.0-beta10/Pebble/aplite/lib/libpebble.a(tmpQA9vUTpebble.o)
 .text.wakeup_cancel_all
                0x0000000000000000        0xc /Users/James/pebble-dev/PebbleSDK-3.0-beta10/Pebble/aplite/lib/libpebble.a(tmpQA9vUTpebble.o)
 .text.wakeup_get_launch_event
                0x0000000000000000        0xc /Users/James/pebble-dev/PebbleSDK-3.0-beta10/Pebble/aplite/lib/libpebble.a(tmpQA9vUTpebble.o)
 .text.wakeup_query
                0x0000000000000000        0xc /Users/James/pebble-dev/PebbleSDK-3.0-beta10/Pebble/aplite/lib/libpebble.a(tmpQA9vUTpebble.o)
 .text.wakeup_schedule
                0x0000000000000000        0xc /Users/James/pebble-dev/PebbleSDK-3.0-beta10/Pebble/aplite/lib/libpebble.a(tmpQA9vUTpebble.o)
 .text.wakeup_service_subscribe
                0x0000000000000000        0xc /Users/James/pebble-dev/PebbleSDK-3.0-beta10/Pebble/aplite/lib/libpebble.a(tmpQA9vUTpebble.o)
 .text.clock_is_timezone_set
                0x0000000000000000        0xc /Users/James/pebble-dev/PebbleSDK-3.0-beta10/Pebble/aplite/lib/libpebble.a(tmpQA9vUTpebble.o)
 .text.i18n_get_system_locale
                0x0000000000000000        0xc /Users/James/pebble-dev/PebbleSDK-3.0-beta10/Pebble/aplite/lib/libpebble.a(tmpQA9vUTpebble.o)
 .text._localeconv_r
                0x0000000000000000        0xc /Users/James/pebble-dev/PebbleSDK-3.0-beta10/Pebble/aplite/lib/libpebble.a(tmpQA9vUTpebble.o)
 .text.setlocale
                0x0000000000000000        0xc /Users/James/pebble-dev/PebbleSDK-3.0-beta10/Pebble/aplite/lib/libpebble.a(tmpQA9vUTpebble.o)
 .text.mktime   0x0000000000000000        0xc /Users/James/pebble-dev/PebbleSDK-3.0-beta10/Pebble/aplite/lib/libpebble.a(tmpQA9vUTpebble.o)
 .text          0x0000000000000000        0x0 /Users/James/pebble-dev/PebbleSDK-3.0-beta10/arm-cs-tools/bin/../lib/gcc/arm-none-eabi/4.7.2/thumb2/crtend.o
 .bss           0x0000000000000000        0x0 /Users/James/pebble-dev/PebbleSDK-3.0-beta10/arm-cs-tools/bin/../lib/gcc/arm-none-eabi/4.7.2/thumb2/crtend.o
 .eh_frame      0x0000000000000000        0x4 /Users/James/pebble-dev/PebbleSDK-3.0-beta10/arm-cs-tools/bin/../lib/gcc/arm-none-eabi/4.7.2/thumb2/crtend.o
 .jcr           0x0000000000000000        0x4 /Users/James/pebble-dev/PebbleSDK-3.0-beta10/arm-cs-tools/bin/../lib/gcc/arm-none-eabi/4.7.2/thumb2/crtend.o
 .tm_clone_table
                0x0000000000000000        0x0 /Users/James/pebble-dev/PebbleSDK-3.0-beta10/arm-cs-tools/bin/../lib/gcc/arm-none-eabi/4.7.2/thumb2/crtend.o
 .text          0x0000000000000000        0x0 /Users/James/pebble-dev/PebbleSDK-3.0-beta10/arm-cs-tools/bin/../lib/gcc/arm-none-eabi/4.7.2/thumb2/crtn.o
 .bss           0x0000000000000000        0x0 /Users/James/pebble-dev/PebbleSDK-3.0-beta10/arm-cs-tools/bin/../lib/gcc/arm-none-eabi/4.7.2/thumb2/crtn.o
 .init          0x0000000000000000        0x8 /Users/James/pebble-dev/PebbleSDK-3.0-beta10/arm-cs-tools/bin/../lib/gcc/arm-none-eabi/4.7.2/thumb2/crtn.o
 .fini          0x0000000000000000        0x8 /Users/James/pebble-dev/PebbleSDK-3.0-beta10/arm-cs-tools/bin/../lib/gcc/arm-none-eabi/4.7.2/thumb2/crtn.o

Memory Configuration

Name             Origin             Length             Attributes
APP              0x0000000000000000 0x0000000000006000 xrw
*default*        0x0000000000000000 0xffffffffffffffff

Linker script and memory map

LOAD /Users/James/pebble-dev/PebbleSDK-3.0-beta10/arm-cs-tools/bin/../lib/gcc/arm-none-eabi/4.7.2/thumb2/crti.o
LOAD /Users/James/pebble-dev/PebbleSDK-3.0-beta10/arm-cs-tools/bin/../lib/gcc/arm-none-eabi/4.7.2/thumb2/crtbegin.o
LOAD src/main.c.22.o
LOAD aplite/appinfo.auto.c.22.o
LOAD /Users/James/pebble-dev/PebbleSDK-3.0-beta10/Pebble/aplite/lib/libpebble.a
START GROUP
LOAD /Users/James/pebble-dev/PebbleSDK-3.0-beta10/arm-cs-tools/bin/../lib/gcc/arm-none-eabi/4.7.2/thumb2/libgcc.a
LOAD /Users/James/pebble-dev/PebbleSDK-3.0-beta10/arm-cs-tools/bin/../lib/gcc/arm-none-eabi/4.7.2/../../../../arm-none-eabi/lib/thumb2/libc.a
END GROUP
LOAD /Users/James/pebble-dev/PebbleSDK-3.0-beta10/arm-cs-tools/bin/../lib/gcc/arm-none-eabi/4.7.2/thumb2/crtend.o
LOAD /Users/James/pebble-dev/PebbleSDK-3.0-beta10/arm-cs-tools/bin/../lib/gcc/arm-none-eabi/4.7.2/thumb2/crtn.o

.header         0x0000000000000000       0x82
 *(.pbl_header)
 .pbl_header    0x0000000000000000       0x82 aplite/appinfo.auto.c.22.o
                0x0000000000000000                __pbl_app_info

.note.gnu.build-id
                0x0000000000000082       0x26
                0x0000000000000082                PROVIDE (BUILD_ID, .)
 *(.note.gnu.build-id)
 *fill*         0x0000000000000082        0x2 
 .note.gnu.build-id
                0x0000000000000084       0x24 linker stubs

.text           0x00000000000000a8      0xda1
 *(.text)
 .text          0x00000000000000a8       0x14 /Users/James/pebble-dev/PebbleSDK-3.0-beta10/Pebble/aplite/lib/libpebble.a(tmpQA9vUTpebble.o)
 *(.text.*)
 .text.tick_handler
                0x00000000000000bc       0x18 src/main.c.22.o
 .text.main_window_unload
                0x00000000000000d4       0x84 src/main.c.22.o
 .text.main_window_load
                0x0000000000000158      0x340 src/main.c.22.o
 .text.update_time
                0x0000000000000498      0x1d8 src/main.c.22.o
 .text.update_bg
                0x0000000000000670      0x144 src/main.c.22.o
 .text.bt_handler
                0x00000000000007b4       0x28 src/main.c.22.o
                0x00000000000007b4                bt_handler
 .text.tap_handler
                0x00000000000007dc      0x110 src/main.c.22.o
 .text.timer_callback
                0x00000000000008ec      0x16c src/main.c.22.o
 .text.update_battery
                0x0000000000000a58       0xc8 src/main.c.22.o
 .text.startup.main
                0x0000000000000b20       0xec src/main.c.22.o
                0x0000000000000b20                main
 .text.accel_tap_service_subscribe
                0x0000000000000c0c        0xc /Users/James/pebble-dev/PebbleSDK-3.0-beta10/Pebble/aplite/lib/libpebble.a(tmpQA9vUTpebble.o)
                0x0000000000000c0c                accel_tap_service_subscribe
 .text.accel_tap_service_unsubscribe
                0x0000000000000c18        0xc /Users/James/pebble-dev/PebbleSDK-3.0-beta10/Pebble/aplite/lib/libpebble.a(tmpQA9vUTpebble.o)
                0x0000000000000c18                accel_tap_service_unsubscribe
 .text.app_event_loop
                0x0000000000000c24        0xc /Users/James/pebble-dev/PebbleSDK-3.0-beta10/Pebble/aplite/lib/libpebble.a(tmpQA9vUTpebble.o)
                0x0000000000000c24                app_event_loop
 .text.app_timer_register
                0x0000000000000c30        0xc /Users/James/pebble-dev/PebbleSDK-3.0-beta10/Pebble/aplite/lib/libpebble.a(tmpQA9vUTpebble.o)
                0x0000000000000c30                app_timer_register
 .text.battery_state_service_peek
                0x0000000000000c3c        0xc /Users/James/pebble-dev/PebbleSDK-3.0-beta10/Pebble/aplite/lib/libpebble.a(tmpQA9vUTpebble.o)
                0x0000000000000c3c                battery_state_service_peek
 .text.bluetooth_connection_service_peek
                0x0000000000000c48        0xc /Users/James/pebble-dev/PebbleSDK-3.0-beta10/Pebble/aplite/lib/libpebble.a(tmpQA9vUTpebble.o)
                0x0000000000000c48                bluetooth_connection_service_peek
 .text.bluetooth_connection_service_subscribe
                0x0000000000000c54        0xc /Users/James/pebble-dev/PebbleSDK-3.0-beta10/Pebble/aplite/lib/libpebble.a(tmpQA9vUTpebble.o)
                0x0000000000000c54                bluetooth_connection_service_subscribe
 .text.bluetooth_connection_service_unsubscribe
                0x0000000000000c60        0xc /Users/James/pebble-dev/PebbleSDK-3.0-beta10/Pebble/aplite/lib/libpebble.a(tmpQA9vUTpebble.o)
                0x0000000000000c60                bluetooth_connection_service_unsubscribe
 .text.clock_is_24h_style
                0x0000000000000c6c        0xc /Users/James/pebble-dev/PebbleSDK-3.0-beta10/Pebble/aplite/lib/libpebble.a(tmpQA9vUTpebble.o)
                0x0000000000000c6c                clock_is_24h_style
 .text.fonts_get_system_font
                0x0000000000000c78        0xc /Users/James/pebble-dev/PebbleSDK-3.0-beta10/Pebble/aplite/lib/libpebble.a(tmpQA9vUTpebble.o)
                0x0000000000000c78                fonts_get_system_font
 .text.graphics_context_set_fill_color
                0x0000000000000c84        0xc /Users/James/pebble-dev/PebbleSDK-3.0-beta10/Pebble/aplite/lib/libpebble.a(tmpQA9vUTpebble.o)
                0x0000000000000c84                graphics_context_set_fill_color
 .text.graphics_fill_circle
                0x0000000000000c90        0xc /Users/James/pebble-dev/PebbleSDK-3.0-beta10/Pebble/aplite/lib/libpebble.a(tmpQA9vUTpebble.o)
                0x0000000000000c90                graphics_fill_circle
 .text.graphics_fill_rect
                0x0000000000000c9c        0xc /Users/James/pebble-dev/PebbleSDK-3.0-beta10/Pebble/aplite/lib/libpebble.a(tmpQA9vUTpebble.o)
                0x0000000000000c9c                graphics_fill_rect
 .text.grect_center_point
                0x0000000000000ca8        0xc /Users/James/pebble-dev/PebbleSDK-3.0-beta10/Pebble/aplite/lib/libpebble.a(tmpQA9vUTpebble.o)
                0x0000000000000ca8                grect_center_point
 .text.layer_add_child
                0x0000000000000cb4        0xc /Users/James/pebble-dev/PebbleSDK-3.0-beta10/Pebble/aplite/lib/libpebble.a(tmpQA9vUTpebble.o)
                0x0000000000000cb4                layer_add_child
 .text.layer_create
                0x0000000000000cc0        0xc /Users/James/pebble-dev/PebbleSDK-3.0-beta10/Pebble/aplite/lib/libpebble.a(tmpQA9vUTpebble.o)
                0x0000000000000cc0                layer_create
 .text.layer_destroy
                0x0000000000000ccc        0xc /Users/James/pebble-dev/PebbleSDK-3.0-beta10/Pebble/aplite/lib/libpebble.a(tmpQA9vUTpebble.o)
                0x0000000000000ccc                layer_destroy
 .text.layer_get_bounds
                0x0000000000000cd8        0xc /Users/James/pebble-dev/PebbleSDK-3.0-beta10/Pebble/aplite/lib/libpebble.a(tmpQA9vUTpebble.o)
                0x0000000000000cd8                layer_get_bounds
 .text.layer_mark_dirty
                0x0000000000000ce4        0xc /Users/James/pebble-dev/PebbleSDK-3.0-beta10/Pebble/aplite/lib/libpebble.a(tmpQA9vUTpebble.o)
                0x0000000000000ce4                layer_mark_dirty
 .text.layer_set_hidden
                0x0000000000000cf0        0xc /Users/James/pebble-dev/PebbleSDK-3.0-beta10/Pebble/aplite/lib/libpebble.a(tmpQA9vUTpebble.o)
                0x0000000000000cf0                layer_set_hidden
 .text.layer_set_update_proc
                0x0000000000000cfc        0xc /Users/James/pebble-dev/PebbleSDK-3.0-beta10/Pebble/aplite/lib/libpebble.a(tmpQA9vUTpebble.o)
                0x0000000000000cfc                layer_set_update_proc
 .text.localtime
                0x0000000000000d08        0xc /Users/James/pebble-dev/PebbleSDK-3.0-beta10/Pebble/aplite/lib/libpebble.a(tmpQA9vUTpebble.o)
                0x0000000000000d08                localtime
 .text.memset   0x0000000000000d14        0xc /Users/James/pebble-dev/PebbleSDK-3.0-beta10/Pebble/aplite/lib/libpebble.a(tmpQA9vUTpebble.o)
                0x0000000000000d14                memset
 .text.strftime
                0x0000000000000d20        0xc /Users/James/pebble-dev/PebbleSDK-3.0-beta10/Pebble/aplite/lib/libpebble.a(tmpQA9vUTpebble.o)
                0x0000000000000d20                strftime
 .text.text_layer_create
                0x0000000000000d2c        0xc /Users/James/pebble-dev/PebbleSDK-3.0-beta10/Pebble/aplite/lib/libpebble.a(tmpQA9vUTpebble.o)
                0x0000000000000d2c                text_layer_create
 .text.text_layer_destroy
                0x0000000000000d38        0xc /Users/James/pebble-dev/PebbleSDK-3.0-beta10/Pebble/aplite/lib/libpebble.a(tmpQA9vUTpebble.o)
                0x0000000000000d38                text_layer_destroy
 .text.text_layer_get_layer
                0x0000000000000d44        0xc /Users/James/pebble-dev/PebbleSDK-3.0-beta10/Pebble/aplite/lib/libpebble.a(tmpQA9vUTpebble.o)
                0x0000000000000d44                text_layer_get_layer
 .text.text_layer_set_background_color
                0x0000000000000d50        0xc /Users/James/pebble-dev/PebbleSDK-3.0-beta10/Pebble/aplite/lib/libpebble.a(tmpQA9vUTpebble.o)
                0x0000000000000d50                text_layer_set_background_color
 .text.text_layer_set_font
                0x0000000000000d5c        0xc /Users/James/pebble-dev/PebbleSDK-3.0-beta10/Pebble/aplite/lib/libpebble.a(tmpQA9vUTpebble.o)
                0x0000000000000d5c                text_layer_set_font
 .text.text_layer_set_text
                0x0000000000000d68        0xc /Users/James/pebble-dev/PebbleSDK-3.0-beta10/Pebble/aplite/lib/libpebble.a(tmpQA9vUTpebble.o)
                0x0000000000000d68                text_layer_set_text
 .text.text_layer_set_text_alignment
                0x0000000000000d74        0xc /Users/James/pebble-dev/PebbleSDK-3.0-beta10/Pebble/aplite/lib/libpebble.a(tmpQA9vUTpebble.o)
                0x0000000000000d74                text_layer_set_text_alignment
 .text.text_layer_set_text_color
                0x0000000000000d80        0xc /Users/James/pebble-dev/PebbleSDK-3.0-beta10/Pebble/aplite/lib/libpebble.a(tmpQA9vUTpebble.o)
                0x0000000000000d80                text_layer_set_text_color
 .text.tick_timer_service_subscribe
                0x0000000000000d8c        0xc /Users/James/pebble-dev/PebbleSDK-3.0-beta10/Pebble/aplite/lib/libpebble.a(tmpQA9vUTpebble.o)
                0x0000000000000d8c                tick_timer_service_subscribe
 .text.time     0x0000000000000d98        0xc /Users/James/pebble-dev/PebbleSDK-3.0-beta10/Pebble/aplite/lib/libpebble.a(tmpQA9vUTpebble.o)
                0x0000000000000d98                time
 .text.vibes_double_pulse
                0x0000000000000da4        0xc /Users/James/pebble-dev/PebbleSDK-3.0-beta10/Pebble/aplite/lib/libpebble.a(tmpQA9vUTpebble.o)
                0x0000000000000da4                vibes_double_pulse
 .text.vibes_short_pulse
                0x0000000000000db0        0xc /Users/James/pebble-dev/PebbleSDK-3.0-beta10/Pebble/aplite/lib/libpebble.a(tmpQA9vUTpebble.o)
                0x0000000000000db0                vibes_short_pulse
 .text.window_create
                0x0000000000000dbc        0xc /Users/James/pebble-dev/PebbleSDK-3.0-beta10/Pebble/aplite/lib/libpebble.a(tmpQA9vUTpebble.o)
                0x0000000000000dbc                window_create
 .text.window_destroy
                0x0000000000000dc8        0xc /Users/James/pebble-dev/PebbleSDK-3.0-beta10/Pebble/aplite/lib/libpebble.a(tmpQA9vUTpebble.o)
                0x0000000000000dc8                window_destroy
 .text.window_get_root_layer
                0x0000000000000dd4        0xc /Users/James/pebble-dev/PebbleSDK-3.0-beta10/Pebble/aplite/lib/libpebble.a(tmpQA9vUTpebble.o)
                0x0000000000000dd4                window_get_root_layer
 .text.window_set_window_handlers
                0x0000000000000de0        0xc /Users/James/pebble-dev/PebbleSDK-3.0-beta10/Pebble/aplite/lib/libpebble.a(tmpQA9vUTpebble.o)
                0x0000000000000de0                window_set_window_handlers
 .text.window_stack_push
                0x0000000000000dec        0xc /Users/James/pebble-dev/PebbleSDK-3.0-beta10/Pebble/aplite/lib/libpebble.a(tmpQA9vUTpebble.o)
                0x0000000000000dec                window_stack_push
 *(.rodata)
 .rodata        0x0000000000000df8       0x14 src/main.c.22.o
 *(.rodata*)
 .rodata.str1.1
                0x0000000000000e0c       0x3d src/main.c.22.o

.glue_7         0x0000000000000e4c        0x0
 .glue_7        0x0000000000000000        0x0 linker stubs

.glue_7t        0x0000000000000e4c        0x0
 .glue_7t       0x0000000000000000        0x0 linker stubs

.vfp11_veneer   0x0000000000000e4c        0x0
 .vfp11_veneer  0x0000000000000000        0x0 linker stubs

.v4_bx          0x0000000000000e4c        0x0
 .v4_bx         0x0000000000000000        0x0 linker stubs

.iplt           0x0000000000000e4c        0x0
 .iplt          0x0000000000000000        0x0 /Users/James/pebble-dev/PebbleSDK-3.0-beta10/arm-cs-tools/bin/../lib/gcc/arm-none-eabi/4.7.2/thumb2/crtbegin.o

.rel.dyn        0x0000000000000e4c        0x0
 .rel.iplt      0x0000000000000000        0x0 /Users/James/pebble-dev/PebbleSDK-3.0-beta10/arm-cs-tools/bin/../lib/gcc/arm-none-eabi/4.7.2/thumb2/crtbegin.o

.data           0x0000000000000e4c       0x1f
 *(.data)
 .data          0x0000000000000e4c        0x0 /Users/James/pebble-dev/PebbleSDK-3.0-beta10/arm-cs-tools/bin/../lib/gcc/arm-none-eabi/4.7.2/thumb2/crti.o
 .data          0x0000000000000e4c        0x4 /Users/James/pebble-dev/PebbleSDK-3.0-beta10/arm-cs-tools/bin/../lib/gcc/arm-none-eabi/4.7.2/thumb2/crtbegin.o
                0x0000000000000e4c                __dso_handle
 .data          0x0000000000000e50        0x0 src/main.c.22.o
 .data          0x0000000000000e50        0x0 aplite/appinfo.auto.c.22.o
 .data          0x0000000000000e50        0x0 /Users/James/pebble-dev/PebbleSDK-3.0-beta10/Pebble/aplite/lib/libpebble.a(tmpQA9vUTpebble.o)
 .data          0x0000000000000e50        0x0 /Users/James/pebble-dev/PebbleSDK-3.0-beta10/arm-cs-tools/bin/../lib/gcc/arm-none-eabi/4.7.2/thumb2/crtend.o
 .data          0x0000000000000e50        0x0 /Users/James/pebble-dev/PebbleSDK-3.0-beta10/arm-cs-tools/bin/../lib/gcc/arm-none-eabi/4.7.2/thumb2/crtn.o
 *(.data.*)
 .data.s_hour_buffer
                0x0000000000000e50        0x3 src/main.c.22.o
 *fill*         0x0000000000000e53        0x1 
 .data.x        0x0000000000000e54        0x4 src/main.c.22.o
                0x0000000000000e54                x
 .data.s_min_buffer
                0x0000000000000e58        0x3 src/main.c.22.o
 *fill*         0x0000000000000e5b        0x1 
 .data.state    0x0000000000000e5c        0x4 src/main.c.22.o
                0x0000000000000e5c                state
 .data.y        0x0000000000000e60        0x4 src/main.c.22.o
                0x0000000000000e60                y
 .data.bt       0x0000000000000e64        0x1 src/main.c.22.o
                0x0000000000000e64                bt
 .data.s_day_buffer
                0x0000000000000e65        0x3 src/main.c.22.o
 .data.s_month_buffer
                0x0000000000000e68        0x3 src/main.c.22.o

.igot.plt       0x0000000000000e6c        0x0
 .igot.plt      0x0000000000000000        0x0 /Users/James/pebble-dev/PebbleSDK-3.0-beta10/arm-cs-tools/bin/../lib/gcc/arm-none-eabi/4.7.2/thumb2/crtbegin.o

.bss            0x0000000000000e6c       0x34
 *(.bss)
 *(.bss.*)
 .bss.s_solid_layer
                0x0000000000000e6c        0x4 src/main.c.22.o
 .bss.running   0x0000000000000e70        0x1 src/main.c.22.o
                0x0000000000000e70                running
 *fill*         0x0000000000000e71        0x3 
 .bss.s_month_label
                0x0000000000000e74        0x4 src/main.c.22.o
 .bss.s_battery_layer
                0x0000000000000e78        0x4 src/main.c.22.o
 .bss.s_time_layer
                0x0000000000000e7c        0x4 src/main.c.22.o
 .bss.s_min_label
                0x0000000000000e80        0x4 src/main.c.22.o
 .bss.shake     0x0000000000000e84        0x1 src/main.c.22.o
                0x0000000000000e84                shake
 *fill*         0x0000000000000e85        0x3 
 .bss.s_state_top_label
                0x0000000000000e88        0x4 src/main.c.22.o
 .bss.s_state_bottom_label
                0x0000000000000e8c        0x4 src/main.c.22.o
 .bss.s_main_window
                0x0000000000000e90        0x4 src/main.c.22.o
 .bss.dot       0x0000000000000e94        0x4 src/main.c.22.o
                0x0000000000000e94                dot
 .bss.s_hour_label
                0x0000000000000e98        0x4 src/main.c.22.o
 .bss.s_day_label
                0x0000000000000e9c        0x4 src/main.c.22.o

DISCARD
 libc.a(*)
 libm.a(*)
 libgcc.a(*)
 *(.eh_frame)
OUTPUT(/Users/James/Development Workspaces/Pebble/PlusOne/build/aplite/pebble-app.elf elf32-littlearm)

.ARM.attributes
                0x0000000000000000       0x27
 .ARM.attributes
                0x0000000000000000       0x19 /Users/James/pebble-dev/PebbleSDK-3.0-beta10/arm-cs-tools/bin/../lib/gcc/arm-none-eabi/4.7.2/thumb2/crti.o
 .ARM.attributes
                0x0000000000000019       0x29 /Users/James/pebble-dev/PebbleSDK-3.0-beta10/arm-cs-tools/bin/../lib/gcc/arm-none-eabi/4.7.2/thumb2/crtbegin.o
 .ARM.attributes
                0x0000000000000042       0x33 src/main.c.22.o
 .ARM.attributes
                0x0000000000000075       0x33 aplite/appinfo.auto.c.22.o
 .ARM.attributes
                0x00000000000000a8       0x21 /Users/James/pebble-dev/PebbleSDK-3.0-beta10/Pebble/aplite/lib/libpebble.a(tmpQA9vUTpebble.o)
 .ARM.attributes
                0x00000000000000c9       0x29 /Users/James/pebble-dev/PebbleSDK-3.0-beta10/arm-cs-tools/bin/../lib/gcc/arm-none-eabi/4.7.2/thumb2/crtend.o
 .ARM.attributes
                0x00000000000000f2       0x19 /Users/James/pebble-dev/PebbleSDK-3.0-beta10/arm-cs-tools/bin/../lib/gcc/arm-none-eabi/4.7.2/thumb2/crtn.o

.comment        0x0000000000000000       0x4e
 .comment       0x0000000000000000       0x4e /Users/James/pebble-dev/PebbleSDK-3.0-beta10/arm-cs-tools/bin/../lib/gcc/arm-none-eabi/4.7.2/thumb2/crtbegin.o
                                         0x4f (size before relaxing)
 .comment       0x0000000000000000       0x4f src/main.c.22.o
 .comment       0x0000000000000000       0x4f aplite/appinfo.auto.c.22.o
 .comment       0x0000000000000000       0x4f /Users/James/pebble-dev/PebbleSDK-3.0-beta10/arm-cs-tools/bin/../lib/gcc/arm-none-eabi/4.7.2/thumb2/crtend.o

.debug_info     0x0000000000000000     0x1aca
 .debug_info    0x0000000000000000     0x178f src/main.c.22.o
 .debug_info    0x000000000000178f      0x33b aplite/appinfo.auto.c.22.o

.debug_abbrev   0x0000000000000000      0x436
 .debug_abbrev  0x0000000000000000      0x398 src/main.c.22.o
 .debug_abbrev  0x0000000000000398       0x9e aplite/appinfo.auto.c.22.o

.debug_loc      0x0000000000000000      0x44d
 .debug_loc     0x0000000000000000      0x44d src/main.c.22.o

.debug_aranges  0x0000000000000000       0x80
 .debug_aranges
                0x0000000000000000       0x68 src/main.c.22.o
 .debug_aranges
                0x0000000000000068       0x18 aplite/appinfo.auto.c.22.o

.debug_ranges   0x0000000000000000       0xb8
 .debug_ranges  0x0000000000000000       0xb8 src/main.c.22.o

.debug_line     0x0000000000000000      0x58a
 .debug_line    0x0000000000000000      0x44b src/main.c.22.o
 .debug_line    0x000000000000044b      0x13f aplite/appinfo.auto.c.22.o

.debug_str      0x0000000000000000      0xb14
 .debug_str     0x0000000000000000      0x8b3 src/main.c.22.o
                                        0x953 (size before relaxing)
 .debug_str     0x00000000000008b3      0x261 aplite/appinfo.auto.c.22.o
                                        0x358 (size before relaxing)

.debug_frame    0x0000000000000000      0x150
 .debug_frame   0x0000000000000000      0x150 src/main.c.22.o
